// Jest Snapshot v1, https://goo.gl/fbAQLP

exports[`<List /> matches snapshot 1`] = `ReactWrapper {}`;
