// Jest Snapshot v1, https://goo.gl/fbAQLP

exports[`<Styles /> matches snapshot 1`] = `ReactWrapper {}`;
