// Jest Snapshot v1, https://goo.gl/fbAQLP

exports[`<Select /> matches snapshot 1`] = `ReactWrapper {}`;
