// Jest Snapshot v1, https://goo.gl/fbAQLP

exports[`<Switch /> matches snapshot 1`] = `ReactWrapper {}`;
